load 3127.6 ms  backend=cpu
/data/local/tmp/starling-issue-batch/short.wav run=0 audio=7.43s time=920.4ms rtf=0.1238
  Well, I don't wish to see it any more, observed Phoebe, turning away her eyes. It is certainly very like the old portrait.
/data/local/tmp/starling-issue-batch/short.wav run=1 audio=7.43s time=959.1ms rtf=0.1290
  Well, I don't wish to see it any more, observed Phoebe, turning away her eyes. It is certainly very like the old portrait.
/data/local/tmp/starling-issue-batch/short.wav run=2 audio=7.43s time=870.9ms rtf=0.1171
  Well, I don't wish to see it any more, observed Phoebe, turning away her eyes. It is certainly very like the old portrait.
/data/local/tmp/starling-issue-batch/short.wav run=3 audio=7.43s time=898.6ms rtf=0.1209
  Well, I don't wish to see it any more, observed Phoebe, turning away her eyes. It is certainly very like the old portrait.
/data/local/tmp/starling-issue-batch/short.wav run=4 audio=7.43s time=894.6ms rtf=0.1203
  Well, I don't wish to see it any more, observed Phoebe, turning away her eyes. It is certainly very like the old portrait.
/data/local/tmp/starling-issue-batch/short.wav run=5 audio=7.43s time=921.6ms rtf=0.1240
  Well, I don't wish to see it any more, observed Phoebe, turning away her eyes. It is certainly very like the old portrait.
/data/local/tmp/starling-issue-batch/short.wav run=6 audio=7.43s time=920.9ms rtf=0.1239
  Well, I don't wish to see it any more, observed Phoebe, turning away her eyes. It is certainly very like the old portrait.
/data/local/tmp/starling-issue-batch/short.wav run=7 audio=7.43s time=932.9ms rtf=0.1255
  Well, I don't wish to see it any more, observed Phoebe, turning away her eyes. It is certainly very like the old portrait.
/data/local/tmp/starling-issue-batch/medium.wav run=0 audio=22.30s time=2273.4ms rtf=0.1019
  Well, I don't wish to see it any more, observe Phoebe, turning away her eyes. It is certainly very like the old portrait. Well, I don't wish to see it any more, observe Phoebe, turning away her eyes. It is certainly very like the old portrait. Well, I don't wish to see it any more, observe Phoebe, turning away her eyes. It is certainly very like the old portrait.
/data/local/tmp/starling-issue-batch/medium.wav run=1 audio=22.30s time=2338.2ms rtf=0.1048
  Well, I don't wish to see it any more, observe Phoebe, turning away her eyes. It is certainly very like the old portrait. Well, I don't wish to see it any more, observe Phoebe, turning away her eyes. It is certainly very like the old portrait. Well, I don't wish to see it any more, observe Phoebe, turning away her eyes. It is certainly very like the old portrait.
/data/local/tmp/starling-issue-batch/medium.wav run=2 audio=22.30s time=2340.9ms rtf=0.1049
  Well, I don't wish to see it any more, observe Phoebe, turning away her eyes. It is certainly very like the old portrait. Well, I don't wish to see it any more, observe Phoebe, turning away her eyes. It is certainly very like the old portrait. Well, I don't wish to see it any more, observe Phoebe, turning away her eyes. It is certainly very like the old portrait.
/data/local/tmp/starling-issue-batch/medium.wav run=3 audio=22.30s time=2333.4ms rtf=0.1046
  Well, I don't wish to see it any more, observe Phoebe, turning away her eyes. It is certainly very like the old portrait. Well, I don't wish to see it any more, observe Phoebe, turning away her eyes. It is certainly very like the old portrait. Well, I don't wish to see it any more, observe Phoebe, turning away her eyes. It is certainly very like the old portrait.
/data/local/tmp/starling-issue-batch/medium.wav run=4 audio=22.30s time=2309.5ms rtf=0.1035
  Well, I don't wish to see it any more, observe Phoebe, turning away her eyes. It is certainly very like the old portrait. Well, I don't wish to see it any more, observe Phoebe, turning away her eyes. It is certainly very like the old portrait. Well, I don't wish to see it any more, observe Phoebe, turning away her eyes. It is certainly very like the old portrait.
/data/local/tmp/starling-issue-batch/medium.wav run=5 audio=22.30s time=2326.7ms rtf=0.1043
  Well, I don't wish to see it any more, observe Phoebe, turning away her eyes. It is certainly very like the old portrait. Well, I don't wish to see it any more, observe Phoebe, turning away her eyes. It is certainly very like the old portrait. Well, I don't wish to see it any more, observe Phoebe, turning away her eyes. It is certainly very like the old portrait.
/data/local/tmp/starling-issue-batch/medium.wav run=6 audio=22.30s time=2331.6ms rtf=0.1045
  Well, I don't wish to see it any more, observe Phoebe, turning away her eyes. It is certainly very like the old portrait. Well, I don't wish to see it any more, observe Phoebe, turning away her eyes. It is certainly very like the old portrait. Well, I don't wish to see it any more, observe Phoebe, turning away her eyes. It is certainly very like the old portrait.
/data/local/tmp/starling-issue-batch/medium.wav run=7 audio=22.30s time=2309.5ms rtf=0.1035
  Well, I don't wish to see it any more, observe Phoebe, turning away her eyes. It is certainly very like the old portrait. Well, I don't wish to see it any more, observe Phoebe, turning away her eyes. It is certainly very like the old portrait. Well, I don't wish to see it any more, observe Phoebe, turning away her eyes. It is certainly very like the old portrait.
