load 2884.8 ms  backend=cpu
/data/local/tmp/starling-issue-batch/short.wav run=0 audio=7.43s time=1150.3ms rtf=0.1547
  Well, I don't wish to see it any more, observed Phoebe, turning away her eyes. It is certainly very like the old portrait.
/data/local/tmp/starling-issue-batch/fleurs-validation/de_de_validation_0.wav run=0 audio=12.96s time=2374.5ms rtf=0.1832
  Ihr erstes war der Slalom, bei dem sie in ihrem ersten Lauf ein Dinat Phenish erhielt. 36 der 116 Teilnehmer erzielten in diesem Rennen das gleiche Ergebnis.
/data/local/tmp/starling-issue-batch/fleurs-validation/de_de_validation_1.wav run=0 audio=11.34s time=1561.2ms rtf=0.1377
  Laut Polizei wird der Fahrer des Fahrzeugs, das ein Fotografen angefahren hat, wahrscheinlich nicht angeklagt werden.
/data/local/tmp/starling-issue-batch/fleurs-validation/de_de_validation_10.wav run=0 audio=7.56s time=927.3ms rtf=0.1227
  Seine Allmacht beherrschte Jen vom König bis zum einfachen Bürger.
/data/local/tmp/starling-issue-batch/fleurs-validation/de_de_validation_100.wav run=0 audio=10.80s time=1597.4ms rtf=0.1479
  Ein Kurs deckt alle hier diskutierten Probleme in der Regel viel Ditagierter ab, normalerweise in Kombination mit praktischer Erfahrung.
/data/local/tmp/starling-issue-batch/fleurs-validation/de_de_validation_101.wav run=0 audio=11.16s time=1551.3ms rtf=0.1390
  Der ehemalige Sprecher des Repräsentantenhauses Newt Gingrich, der texanische Gouverneur Rick Perry und die Kongressabgeordnete Michael Backmann erreichten jeweils den vierten fünften und sechsten Platz.
/data/local/tmp/starling-issue-batch/fleurs-validation/de_de_validation_102.wav run=0 audio=6.66s time=887.9ms rtf=0.1333
  Der größte Teil des Lebens der hebräischen Familie spielte sich unter freien Himmel ab.
/data/local/tmp/starling-issue-batch/fleurs-validation/de_de_validation_103.wav run=0 audio=7.20s time=941.0ms rtf=0.1307
  Solche Dinge sind zu eigenständigen Disziplinen geworden, die sich darauf konzentrieren, lösungen für Probleme des wirklichen Lebens zu finden.
/data/local/tmp/starling-issue-batch/fleurs-validation/de_de_validation_104.wav run=0 audio=23.58s time=3239.6ms rtf=0.1374
  Ein Satellitentelefon ist generell kein Ersatz für ein Mobiltelefon, da man draußen und in klare Sichtlinie eines Satelliten sein muss, um einen Anruf zu tätigen.
/data/local/tmp/starling-issue-batch/fleurs-validation/de_de_validation_105.wav run=0 audio=11.76s time=1386.2ms rtf=0.1179
  Bitte behandeln Sie diese Städte mit der Verde, derfurcht und dem Respekt, die Ihr Gebühren, machen Sie keine Witze über den Holocaust oder die Nazis.
/data/local/tmp/starling-issue-batch/fleurs-validation/de_de_validation_106.wav run=0 audio=6.96s time=848.6ms rtf=0.1219
  Die Kriegsausgaben der US-Imperialisten bei der Eoberung der Philippinen wurden vom philippinischen Volk selbst getragen.
/data/local/tmp/starling-issue-batch/fleurs-validation/de_de_validation_107.wav run=0 audio=24.96s time=2647.2ms rtf=0.1061
  Es grei auf Satelliten basierte Technologie statt der älteren Technologie auf der Basis von Bodenradar zurück, um den Fluglotsen die präzizere Lokalisierung von Flugzeugen zu ermöglichen und die Piloten mit genaueren Informationen zu versorgen.
/data/local/tmp/starling-issue-batch/fleurs-validation/de_de_validation_108.wav run=0 audio=22.50s time=2315.0ms rtf=0.1029
  In vielen Fällen kann die Teilnahme in einem Auslandsüberbrücke-Programm ihre Chancen auf eine Hochschulausbildung in ihrem Heimatland tatsächlich verbessern.
/data/local/tmp/starling-issue-batch/fleurs-validation/de_de_validation_109.wav run=0 audio=9.96s time=1092.2ms rtf=0.1097
  Er hätte am Dienstag gefällt werden sollen, wurde aber durch ein Notfallgerichtsentschied gerettet.
/data/local/tmp/starling-issue-batch/fleurs-validation/de_de_validation_11.wav run=0 audio=16.32s time=1931.1ms rtf=0.1183
  Die breiten Boulevards, verglasten Gebäude und modernen Einkaufszentren sind geprägt von klassischen roten Ziegeldächern, dem Markt aus dem 18. Jahrhundert, sowie alten Moscheen und Kürchen, obwohl die Stadt eher eine Atmosphäre des mediterranen Europas ausstrahlt, als die der traditionellen Türkei.
/data/local/tmp/starling-issue-batch/fleurs-validation/de_de_validation_110.wav run=0 audio=13.80s time=1586.5ms rtf=0.1150
  Ein Cöry kann abhängig von der Flüssigkeitsmenge entweder trocken oder feucht sein.
/data/local/tmp/starling-issue-batch/fleurs-validation/de_de_validation_111.wav run=0 audio=23.22s time=2669.4ms rtf=0.1150
  Im Prinzip ist der tibetische Buddhismus sehr einfach. Er besteht aus Kundalini-Yoga, Meditation und dem Pfad der allumfassenden Liebe.
/data/local/tmp/starling-issue-batch/fleurs-validation/de_de_validation_112.wav run=0 audio=8.52s time=1036.1ms rtf=0.1216
  Binnenwasserstraßen können eine gute Grundlage für die Ulasplano sein.
/data/local/tmp/starling-issue-batch/fleurs-validation/de_de_validation_113.wav run=0 audio=12.90s time=1675.5ms rtf=0.1299
  Von den 1400 Personen, die vor der Bundestagswahl 2010 befragt wurden, hat der Anteil derjenigen, die sich dagegen aussprechen, dass Australien zur Republik wird seit 2008 um 8% zugenommen.
/data/local/tmp/starling-issue-batch/fleurs-validation/de_de_validation_114.wav run=0 audio=7.56s time=930.2ms rtf=0.1230
  Er hätte am Dienstag gefällt werden sollen, wurde aber durch einen Notfallgerichtsentscheid gerettet.
/data/local/tmp/starling-issue-batch/fleurs-validation/de_de_validation_115.wav run=0 audio=5.40s time=937.2ms rtf=0.1736
  Argentinien ist bekannt dafür, dass sein Polotteam und die Spieler zu den Besten der Welt gehören.
/data/local/tmp/starling-issue-batch/fleurs-validation/de_de_validation_116.wav run=0 audio=15.18s time=1745.8ms rtf=0.1150
  Außerdem verfügen einige Sättel ins besondere englische Sättel über Sicherheitsbügel, die es ermöglichen, dass ein Steigbügelrien vom Sattel fällt, sobald er von einem stürzenden Reiter nach hinten gezogen wird.
/data/local/tmp/starling-issue-batch/fleurs-validation/de_de_validation_117.wav run=0 audio=10.92s time=1498.6ms rtf=0.1372
  Berühmte Sänger im ganzen Land präsentierten Bajans Andachtslieder zu Sri Sjamas Hüßen.
/data/local/tmp/starling-issue-batch/fleurs-validation/de_de_validation_118.wav run=0 audio=11.94s time=1511.4ms rtf=0.1266
  Als die Kämpfe nach dem Transport der Verwundeten ins Krankenhaus aufhörten, blieben etwa 40 der übrigen Insassen auf dem Hof und weigerten sich, in ihre Zellen zurückzukehren.
/data/local/tmp/starling-issue-batch/fleurs-validation/de_de_validation_119.wav run=0 audio=9.72s time=1171.1ms rtf=0.1205
  Wissenschaftler denken, dassolotte Tiere zum fressen, beute mit ihrem Geruchssinn verfolgen und aufspüren. Sie schnuppern danach, wo sie sich am Boden aufgehalten haben.
/data/local/tmp/starling-issue-batch/fleurs-validation/de_de_validation_12.wav run=0 audio=8.04s time=1111.5ms rtf=0.1382
  Wenn Sie die Ark- oder Antarkte gegenden im Winter besuchen, werden Sie die Polarnacht erleben, was bedeutet, dass die Sonne nicht über den Horizont steigt.
/data/local/tmp/starling-issue-batch/fleurs-validation/de_de_validation_120.wav run=0 audio=10.68s time=1445.7ms rtf=0.1354
  Sie versuchen immer noch herauszufinden, wie umfangreich der Zusammenschluss war und wie die Erde davon beeinträchtigt werden wird.
/data/local/tmp/starling-issue-batch/fleurs-validation/de_de_validation_121.wav run=0 audio=5.28s time=930.9ms rtf=0.1763
  Der Patient hatte sich in Nigeria aufgehalten, wo einige Fälle des Ebola-Virus auftraten.
/data/local/tmp/starling-issue-batch/fleurs-validation/de_de_validation_122.wav run=0 audio=8.34s time=1129.8ms rtf=0.1355
  Argentinien ist bekannt dafür, dass sein Polotteam und die Spiele zu den Besten der Welt gehören.
/data/local/tmp/starling-issue-batch/fleurs-validation/de_de_validation_123.wav run=0 audio=12.42s time=1498.8ms rtf=0.1207
  In diesem dynamischen Pendelverkehr sind alle in gewisser Weise mit einem Transportsystem verbunden, das auf dem privaten PKW basiert und unterstützt es.
/data/local/tmp/starling-issue-batch/fleurs-validation/de_de_validation_124.wav run=0 audio=9.36s time=1100.6ms rtf=0.1176
  Die ostafrikanischen Inseln befinden sich im indischen Ozean vor der Ostküste Afrikas.
/data/local/tmp/starling-issue-batch/fleurs-validation/de_de_validation_125.wav run=0 audio=8.76s time=1166.5ms rtf=0.1332
  Die Portugiesen zerstörten sie und bauten sie unter den Namen Casabranca wieder auf, nur um sie nach einem Erdbeben im Jahr 1755, aufzugeben.
/data/local/tmp/starling-issue-batch/fleurs-validation/de_de_validation_126.wav run=0 audio=6.78s time=923.5ms rtf=0.1362
  Die Spanier begannen die Kolonisierungszeit, die drei Jahrhunderte andauerte.
/data/local/tmp/starling-issue-batch/fleurs-validation/de_de_validation_127.wav run=0 audio=5.58s time=997.8ms rtf=0.1788
  Im Christentum ist Weihnachten einer der wichtigsten Feiertage und gilt als Geburtstag von Jesus.
/data/local/tmp/starling-issue-batch/fleurs-validation/de_de_validation_128.wav run=0 audio=5.88s time=904.0ms rtf=0.1537
  Der Patient hatte sich in Nigeria aufgehalten, wo einige Fälle des EBOL-Virus auftraten.
/data/local/tmp/starling-issue-batch/fleurs-validation/de_de_validation_129.wav run=0 audio=11.88s time=1504.2ms rtf=0.1266
  Naturwissenschaftler und Philosophen konzentrieren sich auf klassische Texte und dabei besonders auf die Bibel in lateinischer Sprache.
/data/local/tmp/starling-issue-batch/fleurs-validation/de_de_validation_13.wav run=0 audio=17.76s time=1917.1ms rtf=0.1079
  Die Eigenschaften, die eine Subkultur als solche abgrenzen, können sprachlicher, esthetischer, religiöser, politischer, sexueller oder geografischer Natur oder eine Kombination dieser Faktoren sein.
/data/local/tmp/starling-issue-batch/fleurs-validation/de_de_validation_130.wav run=0 audio=10.44s time=1504.2ms rtf=0.1441
  Erwarnt davor, dass niemand garantieren kann, dass irgendeine Vorgehensweise im Irak zu diesem Zeitpunkt die säktigerische Kriegsführung die wachsende Gewalt oder ein Abgleitenden ins Chaos stoppen wird.
/data/local/tmp/starling-issue-batch/fleurs-validation/de_de_validation_131.wav run=0 audio=25.74s time=3108.2ms rtf=0.1208
  Der Tibetanische Buddhismus, basiert auf den leeren Buddhas, wurde aber um den Pfad der Liebe des Mahayana und zahlreiche Techniken des indischen Yoga erweitert.
/data/local/tmp/starling-issue-batch/fleurs-validation/de_de_validation_132.wav run=0 audio=21.60s time=2358.2ms rtf=0.1092
  Es greift auf Satelliten basierte Technologie statt der älteren Technologie auf der Basis von Bodenradar zurück, um den Flugglotsen die präzisere Lokalisierung von Flugzeugen zu ermöglichen und die Piloten mit genaueren Informationen zu versorgen.
/data/local/tmp/starling-issue-batch/fleurs-validation/de_de_validation_133.wav run=0 audio=8.04s time=1071.6ms rtf=0.1333
  Binnenwasserstraßen konnten eine gute Grundlage für die U-Lauspannung sein.
/data/local/tmp/starling-issue-batch/fleurs-validation/de_de_validation_134.wav run=0 audio=20.64s time=2380.5ms rtf=0.1153
  Der Goldmedaillengewinner bei Olympischen Spielen sollte bei den Commonwealth Games in den Disziplinen 100m und 200m Freistil sowie in drei Lakestafeln schwimmen, aber wegen seiner vielen Beschwerden wurde seine Fitness angezweifelt.
/data/local/tmp/starling-issue-batch/fleurs-validation/de_de_validation_135.wav run=0 audio=5.04s time=1248.4ms rtf=0.2477
  Dann übernahm Laka Sing die Leitung beim Singen der Bajans.
/data/local/tmp/starling-issue-batch/fleurs-validation/de_de_validation_136.wav run=0 audio=15.12s time=1873.0ms rtf=0.1239
  Sie können in der Dunkelheit mit Nachtsicht sehr gut sehen und sich unbemerkt bewegen. Ozulos jagen ihre Beute, indem sie sich ihre Umgebung optisch angleichen und sich dann auf ihre Beute stürzen.
/data/local/tmp/starling-issue-batch/fleurs-validation/de_de_validation_137.wav run=0 audio=7.92s time=1155.5ms rtf=0.1459
  Der größte Teil des Lebens der hebräischen Familie spielt sich unter freiem Himmel ab.
/data/local/tmp/starling-issue-batch/fleurs-validation/de_de_validation_138.wav run=0 audio=7.32s time=1346.0ms rtf=0.1839
  Dennoch wurden 80% unsere Waren in zentralafrikanischen Ländern mit Zöllen belegt. Wir kümmern uns um sie.
/data/local/tmp/starling-issue-batch/fleurs-validation/de_de_validation_139.wav run=0 audio=5.04s time=681.9ms rtf=0.1353
  Manche Festivals haben spezielle Campingbereiche für Familien mit kleinen Kindern.
/data/local/tmp/starling-issue-batch/fleurs-validation/de_de_validation_14.wav run=0 audio=5.88s time=862.6ms rtf=0.1467
  Das größte Turnier des Jahres findet im Dezember auf Las Kanidias Poldern statt.
/data/local/tmp/starling-issue-batch/fleurs-validation/de_de_validation_140.wav run=0 audio=9.00s time=1140.3ms rtf=0.1267
  Die Vereinten Nationen hoffen zudem, einen Fonds einrichten zu können, der den von der globalen Erwerbung betroffenen Ländern helfen soll, mit den Auswirkungen, fertig zu werden.
/data/local/tmp/starling-issue-batch/fleurs-validation/de_de_validation_141.wav run=0 audio=15.06s time=2720.7ms rtf=0.1807
  Ich habe meine Schwester und ihre Freundin verloren, und auf meinem Weg waren zwei Behinderte im Rollstuhl, über die Leute einfach drüber gesprungen sind und sie geschubst haben, sagte amand, versass.
/data/local/tmp/starling-issue-batch/fleurs-validation/de_de_validation_142.wav run=0 audio=5.52s time=1368.9ms rtf=0.2480
  Das größte Turnier des Jahres findet im Dezember auf Las Canadias Polowfeldern statt.
