[fast-vk] device 1010:71061212 driver 00696bd0 api 0040413d
[fast-vk] ext VK_KHR_incremental_present 2
[fast-vk] ext VK_EXT_present_mode_fifo_latest_ready 1
[fast-vk] ext VK_EXT_hdr_metadata 3
[fast-vk] ext VK_KHR_shared_presentable_image 1
[fast-vk] ext VK_GOOGLE_display_timing 1
[fast-vk] ext VK_EXT_present_timing 3
[fast-vk] ext VK_KHR_present_id 1
[fast-vk] ext VK_KHR_present_id2 1
[fast-vk] ext VK_KHR_present_wait2 1
[fast-vk] ext VK_EXT_image_compression_control_swapchain 1
[fast-vk] ext VK_EXT_swapchain_maintenance1 1
[fast-vk] ext VK_KHR_swapchain_maintenance1 1
[fast-vk] ext VK_KHR_swapchain_mutable_format 1
[fast-vk] ext VK_KHR_16bit_storage 1
[fast-vk] ext VK_KHR_8bit_storage 1
[fast-vk] ext VK_KHR_bind_memory2 1
[fast-vk] ext VK_KHR_buffer_device_address 1
[fast-vk] ext VK_KHR_calibrated_timestamps 1
[fast-vk] ext VK_KHR_compute_shader_derivatives 1
[fast-vk] ext VK_KHR_cooperative_matrix 2
[fast-vk] ext VK_KHR_copy_commands2 1
[fast-vk] ext VK_KHR_create_renderpass2 1
[fast-vk] ext VK_KHR_dedicated_allocation 3
[fast-vk] ext VK_KHR_depth_clamp_zero_one 1
[fast-vk] ext VK_KHR_depth_stencil_resolve 1
[fast-vk] ext VK_KHR_descriptor_update_template 1
[fast-vk] ext VK_KHR_device_group 4
[fast-vk] ext VK_KHR_draw_indirect_count 1
[fast-vk] ext VK_KHR_driver_properties 1
[fast-vk] ext VK_KHR_dynamic_rendering 1
[fast-vk] ext VK_KHR_dynamic_rendering_local_read 1
[fast-vk] ext VK_KHR_external_fence 1
[fast-vk] ext VK_KHR_external_fence_fd 1
[fast-vk] ext VK_KHR_external_memory 1
[fast-vk] ext VK_KHR_external_memory_fd 1
[fast-vk] ext VK_KHR_external_semaphore 1
[fast-vk] ext VK_KHR_external_semaphore_fd 1
[fast-vk] ext VK_KHR_format_feature_flags2 2
[fast-vk] ext VK_KHR_fragment_shading_rate 2
[fast-vk] ext VK_KHR_get_memory_requirements2 1
[fast-vk] ext VK_KHR_global_priority 1
[fast-vk] ext VK_KHR_image_format_list 1
[fast-vk] ext VK_KHR_imageless_framebuffer 1
[fast-vk] ext VK_KHR_index_type_uint8 1
[fast-vk] ext VK_KHR_line_rasterization 1
[fast-vk] ext VK_KHR_load_store_op_none 1
[fast-vk] ext VK_KHR_maintenance1 2
[fast-vk] ext VK_KHR_maintenance2 1
[fast-vk] ext VK_KHR_maintenance3 1
[fast-vk] ext VK_KHR_maintenance4 2
[fast-vk] ext VK_KHR_maintenance5 1
[fast-vk] ext VK_KHR_maintenance6 1
[fast-vk] ext VK_KHR_maintenance7 1
[fast-vk] ext VK_KHR_maintenance8 1
[fast-vk] ext VK_KHR_maintenance9 1
[fast-vk] ext VK_KHR_map_memory2 1
[fast-vk] ext VK_KHR_multiview 1
[fast-vk] ext VK_KHR_pipeline_binary 1
[fast-vk] ext VK_KHR_pipeline_library 1
[fast-vk] ext VK_KHR_push_descriptor 2
[fast-vk] ext VK_KHR_relaxed_block_layout 1
[fast-vk] ext VK_KHR_robustness2 1
[fast-vk] ext VK_KHR_sampler_mirror_clamp_to_edge 3
[fast-vk] ext VK_KHR_sampler_ycbcr_conversion 14
[fast-vk] ext VK_KHR_separate_depth_stencil_layouts 1
[fast-vk] ext VK_KHR_shader_atomic_int64 1
[fast-vk] ext VK_KHR_shader_clock 1
[fast-vk] ext VK_KHR_shader_draw_parameters 1
[fast-vk] ext VK_KHR_shader_expect_assume 1
[fast-vk] ext VK_KHR_shader_float16_int8 1
[fast-vk] ext VK_KHR_shader_float_controls 4
[fast-vk] ext VK_KHR_shader_float_controls2 1
[fast-vk] ext VK_KHR_shader_integer_dot_product 1
[fast-vk] ext VK_KHR_shader_maximal_reconvergence 1
[fast-vk] ext VK_KHR_shader_non_semantic_info 1
[fast-vk] ext VK_KHR_shader_quad_control 1
[fast-vk] ext VK_KHR_shader_relaxed_extended_instruction 1
[fast-vk] ext VK_KHR_shader_subgroup_extended_types 1
[fast-vk] ext VK_KHR_shader_subgroup_rotate 2
[fast-vk] ext VK_KHR_shader_subgroup_uniform_control_flow 1
[fast-vk] ext VK_KHR_shader_terminate_invocation 1
[fast-vk] ext VK_KHR_spirv_1_4 1
[fast-vk] ext VK_KHR_storage_buffer_storage_class 1
[fast-vk] ext VK_KHR_synchronization2 1
[fast-vk] ext VK_KHR_timeline_semaphore 2
[fast-vk] ext VK_KHR_uniform_buffer_standard_layout 1
[fast-vk] ext VK_KHR_variable_pointers 1
[fast-vk] ext VK_KHR_vertex_attribute_divisor 1
[fast-vk] ext VK_KHR_vulkan_memory_model 3
[fast-vk] ext VK_KHR_workgroup_memory_explicit_layout 1
[fast-vk] ext VK_KHR_zero_initialize_workgroup_memory 1
[fast-vk] ext VK_EXT_4444_formats 1
[fast-vk] ext VK_EXT_attachment_feedback_loop_dynamic_state 1
[fast-vk] ext VK_EXT_attachment_feedback_loop_layout 2
[fast-vk] ext VK_EXT_blend_operation_advanced 2
[fast-vk] ext VK_EXT_border_color_swizzle 1
[fast-vk] ext VK_EXT_buffer_device_address 2
[fast-vk] ext VK_EXT_calibrated_timestamps 2
[fast-vk] ext VK_EXT_color_write_enable 1
[fast-vk] ext VK_EXT_conditional_rendering 2
[fast-vk] ext VK_EXT_custom_border_color 12
[fast-vk] ext VK_EXT_debug_marker 4
[fast-vk] ext VK_EXT_depth_clamp_zero_one 1
[fast-vk] ext VK_EXT_depth_clip_control 1
[fast-vk] ext VK_EXT_depth_clip_enable 1
[fast-vk] ext VK_EXT_descriptor_buffer 1
[fast-vk] ext VK_EXT_descriptor_indexing 2
[fast-vk] ext VK_EXT_device_address_binding_report 1
[fast-vk] ext VK_EXT_device_memory_report 2
[fast-vk] ext VK_EXT_extended_dynamic_state 1
[fast-vk] ext VK_EXT_extended_dynamic_state2 1
[fast-vk] ext VK_EXT_extended_dynamic_state3 2
[fast-vk] ext VK_EXT_external_memory_acquire_unmodified 1
[fast-vk] ext VK_EXT_external_memory_dma_buf 1
[fast-vk] ext VK_EXT_frame_boundary 1
[fast-vk] ext VK_EXT_global_priority 2
[fast-vk] ext VK_EXT_global_priority_query 1
[fast-vk] ext VK_EXT_graphics_pipeline_library 1
[fast-vk] ext VK_EXT_host_image_copy 1
[fast-vk] ext VK_EXT_host_query_reset 1
[fast-vk] ext VK_EXT_image_2d_view_of_3d 1
[fast-vk] ext VK_EXT_image_compression_control 1
[fast-vk] ext VK_EXT_image_drm_format_modifier 2
[fast-vk] ext VK_EXT_image_robustness 1
[fast-vk] ext VK_EXT_index_type_uint8 1
[fast-vk] ext VK_EXT_inline_uniform_block 1
[fast-vk] ext VK_EXT_legacy_dithering 2
[fast-vk] ext VK_EXT_line_rasterization 1
[fast-vk] ext VK_EXT_load_store_op_none 1
[fast-vk] ext VK_EXT_multisampled_render_to_single_sampled 1
[fast-vk] ext VK_EXT_non_seamless_cube_map 1
[fast-vk] ext VK_EXT_physical_device_drm 1
[fast-vk] ext VK_EXT_pipeline_creation_cache_control 3
[fast-vk] ext VK_EXT_pipeline_creation_feedback 1
[fast-vk] ext VK_EXT_pipeline_protected_access 1
[fast-vk] ext VK_EXT_pipeline_robustness 1
[fast-vk] ext VK_EXT_primitive_topology_list_restart 1
[fast-vk] ext VK_EXT_primitives_generated_query 1
[fast-vk] ext VK_EXT_private_data 1
[fast-vk] ext VK_EXT_provoking_vertex 1
[fast-vk] ext VK_EXT_queue_family_foreign 1
[fast-vk] ext VK_EXT_robustness2 1
[fast-vk] ext VK_EXT_scalar_block_layout 1
[fast-vk] ext VK_EXT_separate_stencil_usage 1
[fast-vk] ext VK_EXT_shader_demote_to_helper_invocation 1
[fast-vk] ext VK_EXT_shader_image_atomic_int64 1
[fast-vk] ext VK_EXT_shader_replicated_composites 1
[fast-vk] ext VK_EXT_shader_subgroup_vote 1
[fast-vk] ext VK_EXT_shader_tile_image 1
[fast-vk] ext VK_EXT_subgroup_size_control 2
[fast-vk] ext VK_EXT_subpass_merge_feedback 2
[fast-vk] ext VK_EXT_texel_buffer_alignment 1
[fast-vk] ext VK_EXT_texture_compression_astc_hdr 1
[fast-vk] ext VK_EXT_tooling_info 1
[fast-vk] ext VK_EXT_transform_feedback 1
[fast-vk] ext VK_EXT_vertex_attribute_divisor 3
[fast-vk] ext VK_EXT_vertex_input_dynamic_state 2
[fast-vk] ext VK_ANDROID_external_format_resolve 1
[fast-vk] ext VK_ANDROID_external_memory_android_hardware_buffer 5
[fast-vk] ext VK_KHR_swapchain 70
[fast-vk] ext VK_IMG_relaxed_line_rasterization 1
[fast-vk] subgroup size 128 ops 000006ff stages 0000003f
[fast-vk] f16 1 int_dot 1
[fast] device 'PowerVR D-Series DXT-48-1536 MC1' vendor=1010 api=1.4 subgroup=128 shared=32768 max_storage=134217728 uma=1(cached) f16=1 queue_family=0
[fast] parakeet: 24 layers, weights 718.6 MiB on 'PowerVR D-Series DXT-48-1536 MC1', decoder neon-dotprod
[fast] parakeet engine: fast/vulkan 'PowerVR D-Series DXT-48-1536 MC1' weights=719 MiB cpu=neon-dotprod
