load 2619.7 ms  backend=cpu
/data/local/tmp/starling-issue-batch/short.wav run=0 audio=7.43s time=889.1ms rtf=0.1196
  Well, I don't wish to see it any more, observed Phoebe, turning away her eyes. It is certainly very like the old portrait.
/data/local/tmp/starling-issue-batch/short.wav run=1 audio=7.43s time=854.0ms rtf=0.1149
  Well, I don't wish to see it any more, observed Phoebe, turning away her eyes. It is certainly very like the old portrait.
/data/local/tmp/starling-issue-batch/short.wav run=2 audio=7.43s time=853.5ms rtf=0.1148
  Well, I don't wish to see it any more, observed Phoebe, turning away her eyes. It is certainly very like the old portrait.
/data/local/tmp/starling-issue-batch/short.wav run=3 audio=7.43s time=849.4ms rtf=0.1142
  Well, I don't wish to see it any more, observed Phoebe, turning away her eyes. It is certainly very like the old portrait.
/data/local/tmp/starling-issue-batch/short.wav run=4 audio=7.43s time=923.3ms rtf=0.1242
  Well, I don't wish to see it any more, observed Phoebe, turning away her eyes. It is certainly very like the old portrait.
/data/local/tmp/starling-issue-batch/short.wav run=5 audio=7.43s time=925.0ms rtf=0.1244
  Well, I don't wish to see it any more, observed Phoebe, turning away her eyes. It is certainly very like the old portrait.
/data/local/tmp/starling-issue-batch/short.wav run=6 audio=7.43s time=892.8ms rtf=0.1201
  Well, I don't wish to see it any more, observed Phoebe, turning away her eyes. It is certainly very like the old portrait.
/data/local/tmp/starling-issue-batch/short.wav run=7 audio=7.43s time=911.3ms rtf=0.1226
  Well, I don't wish to see it any more, observed Phoebe, turning away her eyes. It is certainly very like the old portrait.
/data/local/tmp/starling-issue-batch/medium.wav run=0 audio=22.30s time=2266.8ms rtf=0.1016
  Well, I don't wish to see it any more, observe Phoebe, turning away her eyes. It is certainly very like the old portrait. Well, I don't wish to see it any more, observe Phoebe, turning away her eyes. It is certainly very like the old portrait. Well, I don't wish to see it any more, observe Phoebe, turning away her eyes. It is certainly very like the old portrait.
/data/local/tmp/starling-issue-batch/medium.wav run=1 audio=22.30s time=3942.9ms rtf=0.1768
  Well, I don't wish to see it any more, observe Phoebe, turning away her eyes. It is certainly very like the old portrait. Well, I don't wish to see it any more, observe Phoebe, turning away her eyes. It is certainly very like the old portrait. Well, I don't wish to see it any more, observe Phoebe, turning away her eyes. It is certainly very like the old portrait.
/data/local/tmp/starling-issue-batch/medium.wav run=2 audio=22.30s time=2316.1ms rtf=0.1038
  Well, I don't wish to see it any more, observe Phoebe, turning away her eyes. It is certainly very like the old portrait. Well, I don't wish to see it any more, observe Phoebe, turning away her eyes. It is certainly very like the old portrait. Well, I don't wish to see it any more, observe Phoebe, turning away her eyes. It is certainly very like the old portrait.
/data/local/tmp/starling-issue-batch/medium.wav run=3 audio=22.30s time=2328.5ms rtf=0.1044
  Well, I don't wish to see it any more, observe Phoebe, turning away her eyes. It is certainly very like the old portrait. Well, I don't wish to see it any more, observe Phoebe, turning away her eyes. It is certainly very like the old portrait. Well, I don't wish to see it any more, observe Phoebe, turning away her eyes. It is certainly very like the old portrait.
/data/local/tmp/starling-issue-batch/medium.wav run=4 audio=22.30s time=3931.0ms rtf=0.1762
  Well, I don't wish to see it any more, observe Phoebe, turning away her eyes. It is certainly very like the old portrait. Well, I don't wish to see it any more, observe Phoebe, turning away her eyes. It is certainly very like the old portrait. Well, I don't wish to see it any more, observe Phoebe, turning away her eyes. It is certainly very like the old portrait.
/data/local/tmp/starling-issue-batch/medium.wav run=5 audio=22.30s time=2324.1ms rtf=0.1042
  Well, I don't wish to see it any more, observe Phoebe, turning away her eyes. It is certainly very like the old portrait. Well, I don't wish to see it any more, observe Phoebe, turning away her eyes. It is certainly very like the old portrait. Well, I don't wish to see it any more, observe Phoebe, turning away her eyes. It is certainly very like the old portrait.
/data/local/tmp/starling-issue-batch/medium.wav run=6 audio=22.30s time=2378.3ms rtf=0.1066
  Well, I don't wish to see it any more, observe Phoebe, turning away her eyes. It is certainly very like the old portrait. Well, I don't wish to see it any more, observe Phoebe, turning away her eyes. It is certainly very like the old portrait. Well, I don't wish to see it any more, observe Phoebe, turning away her eyes. It is certainly very like the old portrait.
/data/local/tmp/starling-issue-batch/medium.wav run=7 audio=22.30s time=2291.0ms rtf=0.1027
  Well, I don't wish to see it any more, observe Phoebe, turning away her eyes. It is certainly very like the old portrait. Well, I don't wish to see it any more, observe Phoebe, turning away her eyes. It is certainly very like the old portrait. Well, I don't wish to see it any more, observe Phoebe, turning away her eyes. It is certainly very like the old portrait.
